[2026-08-06T04:18:30.946+0000] {manager.py:483} INFO - Processing files using up to 2 processes at a time 
[2026-08-06T04:18:30.946+0000] {manager.py:484} INFO - Process each file at most once every 30 seconds
[2026-08-06T04:18:30.946+0000] {manager.py:485} INFO - Checking for new files in /opt/airflow/dags every 300 seconds
[2026-08-06T04:18:30.947+0000] {manager.py:821} INFO - Searching for files in /opt/airflow/dags
[2026-08-06T04:18:30.947+0000] {manager.py:824} INFO - There are 0 files in /opt/airflow/dags
[2026-08-06T04:23:31.137+0000] {manager.py:821} INFO - Searching for files in /opt/airflow/dags
[2026-08-06T04:23:31.142+0000] {manager.py:824} INFO - There are 0 files in /opt/airflow/dags
[2026-08-06T04:28:32.134+0000] {manager.py:821} INFO - Searching for files in /opt/airflow/dags
[2026-08-06T04:28:32.138+0000] {manager.py:824} INFO - There are 0 files in /opt/airflow/dags
[2026-08-06T04:33:32.278+0000] {manager.py:821} INFO - Searching for files in /opt/airflow/dags
[2026-08-06T04:33:32.283+0000] {manager.py:824} INFO - There are 0 files in /opt/airflow/dags
[2026-08-06T04:38:32.927+0000] {manager.py:821} INFO - Searching for files in /opt/airflow/dags
[2026-08-06T04:38:32.936+0000] {manager.py:824} INFO - There are 0 files in /opt/airflow/dags
[2026-08-06T04:54:14.600+0000] {manager.py:821} INFO - Searching for files in /opt/airflow/dags
[2026-08-06T04:54:14.603+0000] {manager.py:824} INFO - There are 0 files in /opt/airflow/dags
[2026-08-06T05:22:40.696+0000] {manager.py:821} INFO - Searching for files in /opt/airflow/dags
[2026-08-06T05:22:40.699+0000] {manager.py:824} INFO - There are 0 files in /opt/airflow/dags
[2026-08-06T05:27:40.805+0000] {manager.py:821} INFO - Searching for files in /opt/airflow/dags
[2026-08-06T05:27:40.814+0000] {manager.py:824} INFO - There are 0 files in /opt/airflow/dags
[2026-08-06T05:42:54.478+0000] {manager.py:821} INFO - Searching for files in /opt/airflow/dags
[2026-08-06T05:42:54.479+0000] {manager.py:824} INFO - There are 0 files in /opt/airflow/dags
[2026-08-06T06:00:37.106+0000] {manager.py:821} INFO - Searching for files in /opt/airflow/dags
[2026-08-06T06:00:37.109+0000] {manager.py:824} INFO - There are 0 files in /opt/airflow/dags
[2026-08-06T07:07:06.021+0000] {manager.py:821} INFO - Searching for files in /opt/airflow/dags
[2026-08-06T07:07:06.024+0000] {manager.py:824} INFO - There are 0 files in /opt/airflow/dags
[2026-08-06T08:21:14.267+0000] {manager.py:821} INFO - Searching for files in /opt/airflow/dags
[2026-08-06T08:21:14.270+0000] {manager.py:824} INFO - There are 0 files in /opt/airflow/dags
[2026-08-06T08:55:30.099+0000] {manager.py:821} INFO - Searching for files in /opt/airflow/dags
[2026-08-06T08:55:30.102+0000] {manager.py:824} INFO - There are 0 files in /opt/airflow/dags
[2026-08-06T09:29:08.590+0000] {manager.py:821} INFO - Searching for files in /opt/airflow/dags
[2026-08-06T09:29:08.594+0000] {manager.py:824} INFO - There are 0 files in /opt/airflow/dags
[2026-08-06T09:48:43.037+0000] {manager.py:821} INFO - Searching for files in /opt/airflow/dags
[2026-08-06T09:48:43.039+0000] {manager.py:824} INFO - There are 0 files in /opt/airflow/dags
[2026-08-06T10:03:08.023+0000] {manager.py:821} INFO - Searching for files in /opt/airflow/dags
[2026-08-06T10:03:08.026+0000] {manager.py:824} INFO - There are 0 files in /opt/airflow/dags
[2026-08-06T10:21:27.808+0000] {manager.py:821} INFO - Searching for files in /opt/airflow/dags
[2026-08-06T10:21:27.811+0000] {manager.py:824} INFO - There are 0 files in /opt/airflow/dags
[2026-08-06T10:26:28.796+0000] {manager.py:821} INFO - Searching for files in /opt/airflow/dags
[2026-08-06T10:26:28.800+0000] {manager.py:824} INFO - There are 0 files in /opt/airflow/dags
[2026-08-06T10:31:29.702+0000] {manager.py:821} INFO - Searching for files in /opt/airflow/dags
[2026-08-06T10:31:29.706+0000] {manager.py:824} INFO - There are 0 files in /opt/airflow/dags
[2026-08-06T10:36:30.669+0000] {manager.py:821} INFO - Searching for files in /opt/airflow/dags
[2026-08-06T10:36:30.673+0000] {manager.py:824} INFO - There are 0 files in /opt/airflow/dags
[2026-08-06T12:15:36.661+0000] {manager.py:821} INFO - Searching for files in /opt/airflow/dags
[2026-08-06T12:15:36.664+0000] {manager.py:824} INFO - There are 0 files in /opt/airflow/dags
[2026-08-06T12:28:12.489+0000] {manager.py:821} INFO - Searching for files in /opt/airflow/dags
[2026-08-06T12:28:12.492+0000] {manager.py:824} INFO - There are 0 files in /opt/airflow/dags
[2026-08-06T13:17:04.764+0000] {manager.py:821} INFO - Searching for files in /opt/airflow/dags
[2026-08-06T13:17:04.770+0000] {manager.py:824} INFO - There are 0 files in /opt/airflow/dags
[2026-08-06T13:38:17.592+0000] {manager.py:821} INFO - Searching for files in /opt/airflow/dags
[2026-08-06T13:38:17.598+0000] {manager.py:824} INFO - There are 0 files in /opt/airflow/dags
[2026-08-06T14:41:12.296+0000] {manager.py:821} INFO - Searching for files in /opt/airflow/dags
[2026-08-06T14:41:12.299+0000] {manager.py:824} INFO - There are 0 files in /opt/airflow/dags
[2026-08-06T15:24:13.895+0000] {manager.py:821} INFO - Searching for files in /opt/airflow/dags
[2026-08-06T15:24:13.899+0000] {manager.py:824} INFO - There are 0 files in /opt/airflow/dags
[2026-08-06T15:47:11.249+0000] {manager.py:821} INFO - Searching for files in /opt/airflow/dags
[2026-08-06T15:47:11.251+0000] {manager.py:824} INFO - There are 0 files in /opt/airflow/dags
[2026-08-06T16:10:47.876+0000] {manager.py:821} INFO - Searching for files in /opt/airflow/dags
[2026-08-06T16:10:47.905+0000] {manager.py:824} INFO - There are 0 files in /opt/airflow/dags
[2026-08-06T17:15:39.376+0000] {manager.py:821} INFO - Searching for files in /opt/airflow/dags
[2026-08-06T17:15:39.379+0000] {manager.py:824} INFO - There are 0 files in /opt/airflow/dags
[2026-08-06T17:31:12.228+0000] {manager.py:821} INFO - Searching for files in /opt/airflow/dags
[2026-08-06T17:31:12.231+0000] {manager.py:824} INFO - There are 0 files in /opt/airflow/dags
[2026-08-06T17:44:12.209+0000] {manager.py:821} INFO - Searching for files in /opt/airflow/dags
[2026-08-06T17:44:12.213+0000] {manager.py:824} INFO - There are 0 files in /opt/airflow/dags
[2026-08-06T17:51:42.270+0000] {manager.py:821} INFO - Searching for files in /opt/airflow/dags
[2026-08-06T17:51:42.272+0000] {manager.py:824} INFO - There are 0 files in /opt/airflow/dags
[2026-08-06T18:05:04.933+0000] {manager.py:821} INFO - Searching for files in /opt/airflow/dags
[2026-08-06T18:05:04.935+0000] {manager.py:824} INFO - There are 0 files in /opt/airflow/dags
[2026-08-06T18:32:21.743+0000] {manager.py:821} INFO - Searching for files in /opt/airflow/dags
[2026-08-06T18:32:21.747+0000] {manager.py:824} INFO - There are 0 files in /opt/airflow/dags
[2026-08-06T18:41:05.456+0000] {manager.py:821} INFO - Searching for files in /opt/airflow/dags
[2026-08-06T18:41:05.459+0000] {manager.py:824} INFO - There are 0 files in /opt/airflow/dags
[2026-08-06T18:59:16.436+0000] {manager.py:821} INFO - Searching for files in /opt/airflow/dags
[2026-08-06T18:59:16.439+0000] {manager.py:824} INFO - There are 0 files in /opt/airflow/dags
[2026-08-06T19:18:16.481+0000] {manager.py:821} INFO - Searching for files in /opt/airflow/dags
[2026-08-06T19:18:16.484+0000] {manager.py:824} INFO - There are 0 files in /opt/airflow/dags
[2026-08-06T19:45:57.727+0000] {manager.py:821} INFO - Searching for files in /opt/airflow/dags
[2026-08-06T19:45:57.731+0000] {manager.py:824} INFO - There are 0 files in /opt/airflow/dags
[2026-08-06T20:23:06.206+0000] {manager.py:821} INFO - Searching for files in /opt/airflow/dags
[2026-08-06T20:23:06.210+0000] {manager.py:824} INFO - There are 0 files in /opt/airflow/dags
[2026-08-06T20:46:54.255+0000] {manager.py:821} INFO - Searching for files in /opt/airflow/dags
[2026-08-06T20:46:54.257+0000] {manager.py:824} INFO - There are 0 files in /opt/airflow/dags
[2026-08-06T20:59:09.970+0000] {manager.py:821} INFO - Searching for files in /opt/airflow/dags
[2026-08-06T20:59:09.972+0000] {manager.py:824} INFO - There are 0 files in /opt/airflow/dags
[2026-08-06T21:21:56.171+0000] {manager.py:821} INFO - Searching for files in /opt/airflow/dags
[2026-08-06T21:21:56.175+0000] {manager.py:824} INFO - There are 0 files in /opt/airflow/dags
[2026-08-06T21:44:40.197+0000] {manager.py:821} INFO - Searching for files in /opt/airflow/dags
[2026-08-06T21:44:40.201+0000] {manager.py:824} INFO - There are 0 files in /opt/airflow/dags
[2026-08-06T22:03:56.612+0000] {manager.py:821} INFO - Searching for files in /opt/airflow/dags
[2026-08-06T22:03:56.614+0000] {manager.py:824} INFO - There are 0 files in /opt/airflow/dags
[2026-08-06T22:49:08.939+0000] {manager.py:821} INFO - Searching for files in /opt/airflow/dags
[2026-08-06T22:49:08.942+0000] {manager.py:824} INFO - There are 0 files in /opt/airflow/dags
[2026-08-06T23:04:41.549+0000] {manager.py:821} INFO - Searching for files in /opt/airflow/dags
[2026-08-06T23:04:41.553+0000] {manager.py:824} INFO - There are 0 files in /opt/airflow/dags
[2026-08-06T23:23:36.487+0000] {manager.py:821} INFO - Searching for files in /opt/airflow/dags
[2026-08-06T23:23:36.491+0000] {manager.py:824} INFO - There are 0 files in /opt/airflow/dags
[2026-08-06T23:32:03.943+0000] {manager.py:821} INFO - Searching for files in /opt/airflow/dags
[2026-08-06T23:32:03.945+0000] {manager.py:824} INFO - There are 0 files in /opt/airflow/dags
[2026-08-06T23:50:07.442+0000] {manager.py:821} INFO - Searching for files in /opt/airflow/dags
[2026-08-06T23:50:07.444+0000] {manager.py:824} INFO - There are 0 files in /opt/airflow/dags
[2026-08-07T00:50:53.611+0000] {manager.py:821} INFO - Searching for files in /opt/airflow/dags
[2026-08-07T00:50:53.614+0000] {manager.py:824} INFO - There are 0 files in /opt/airflow/dags
[2026-08-07T00:56:40.918+0000] {manager.py:821} INFO - Searching for files in /opt/airflow/dags
[2026-08-07T00:56:40.923+0000] {manager.py:824} INFO - There are 0 files in /opt/airflow/dags
[2026-08-07T01:31:56.306+0000] {manager.py:821} INFO - Searching for files in /opt/airflow/dags
[2026-08-07T01:31:56.313+0000] {manager.py:824} INFO - There are 0 files in /opt/airflow/dags
[2026-08-07T01:44:48.003+0000] {manager.py:821} INFO - Searching for files in /opt/airflow/dags
[2026-08-07T01:44:48.006+0000] {manager.py:824} INFO - There are 0 files in /opt/airflow/dags
[2026-08-07T01:49:48.244+0000] {manager.py:821} INFO - Searching for files in /opt/airflow/dags
[2026-08-07T01:49:48.248+0000] {manager.py:824} INFO - There are 0 files in /opt/airflow/dags
[2026-08-07T01:54:49.144+0000] {manager.py:821} INFO - Searching for files in /opt/airflow/dags
[2026-08-07T01:54:49.148+0000] {manager.py:824} INFO - There are 0 files in /opt/airflow/dags
[2026-08-07T01:59:49.219+0000] {manager.py:821} INFO - Searching for files in /opt/airflow/dags
[2026-08-07T01:59:49.224+0000] {manager.py:824} INFO - There are 0 files in /opt/airflow/dags
[2026-08-07T02:04:50.154+0000] {manager.py:821} INFO - Searching for files in /opt/airflow/dags
[2026-08-07T02:04:50.167+0000] {manager.py:824} INFO - There are 0 files in /opt/airflow/dags
[2026-08-07T02:09:51.142+0000] {manager.py:821} INFO - Searching for files in /opt/airflow/dags
[2026-08-07T02:09:51.148+0000] {manager.py:824} INFO - There are 0 files in /opt/airflow/dags
[2026-08-07T02:14:52.075+0000] {manager.py:821} INFO - Searching for files in /opt/airflow/dags
[2026-08-07T02:14:52.079+0000] {manager.py:824} INFO - There are 0 files in /opt/airflow/dags
[2026-08-07T02:19:52.290+0000] {manager.py:821} INFO - Searching for files in /opt/airflow/dags
[2026-08-07T02:19:52.293+0000] {manager.py:824} INFO - There are 0 files in /opt/airflow/dags
[2026-08-07T02:24:52.343+0000] {manager.py:821} INFO - Searching for files in /opt/airflow/dags
[2026-08-07T02:24:52.351+0000] {manager.py:824} INFO - There are 0 files in /opt/airflow/dags
[2026-08-07T02:29:53.342+0000] {manager.py:821} INFO - Searching for files in /opt/airflow/dags
[2026-08-07T02:29:53.348+0000] {manager.py:824} INFO - There are 0 files in /opt/airflow/dags
[2026-08-07T02:34:54.320+0000] {manager.py:821} INFO - Searching for files in /opt/airflow/dags
[2026-08-07T02:34:54.324+0000] {manager.py:824} INFO - There are 0 files in /opt/airflow/dags
[2026-08-07T02:39:55.000+0000] {manager.py:821} INFO - Searching for files in /opt/airflow/dags
[2026-08-07T02:39:55.005+0000] {manager.py:824} INFO - There are 0 files in /opt/airflow/dags
[2026-08-07T02:44:55.071+0000] {manager.py:821} INFO - Searching for files in /opt/airflow/dags
[2026-08-07T02:44:55.077+0000] {manager.py:824} INFO - There are 0 files in /opt/airflow/dags
[2026-08-07T02:49:55.418+0000] {manager.py:821} INFO - Searching for files in /opt/airflow/dags
[2026-08-07T02:49:55.422+0000] {manager.py:824} INFO - There are 0 files in /opt/airflow/dags
[2026-08-07T02:54:55.641+0000] {manager.py:821} INFO - Searching for files in /opt/airflow/dags
[2026-08-07T02:54:55.646+0000] {manager.py:824} INFO - There are 0 files in /opt/airflow/dags
[2026-08-07T02:59:55.656+0000] {manager.py:821} INFO - Searching for files in /opt/airflow/dags
[2026-08-07T02:59:55.662+0000] {manager.py:824} INFO - There are 0 files in /opt/airflow/dags
[2026-08-07T03:04:55.683+0000] {manager.py:821} INFO - Searching for files in /opt/airflow/dags
[2026-08-07T03:04:55.689+0000] {manager.py:824} INFO - There are 0 files in /opt/airflow/dags
[2026-08-07T03:09:55.874+0000] {manager.py:821} INFO - Searching for files in /opt/airflow/dags
[2026-08-07T03:09:55.879+0000] {manager.py:824} INFO - There are 0 files in /opt/airflow/dags
[2026-08-07T03:14:55.894+0000] {manager.py:821} INFO - Searching for files in /opt/airflow/dags
[2026-08-07T03:14:55.900+0000] {manager.py:824} INFO - There are 0 files in /opt/airflow/dags
[2026-08-07T03:19:55.896+0000] {manager.py:821} INFO - Searching for files in /opt/airflow/dags
[2026-08-07T03:19:55.899+0000] {manager.py:824} INFO - There are 0 files in /opt/airflow/dags
[2026-08-07T03:24:55.907+0000] {manager.py:821} INFO - Searching for files in /opt/airflow/dags
[2026-08-07T03:24:55.912+0000] {manager.py:824} INFO - There are 0 files in /opt/airflow/dags
[2026-08-07T03:29:56.188+0000] {manager.py:821} INFO - Searching for files in /opt/airflow/dags
[2026-08-07T03:29:56.194+0000] {manager.py:824} INFO - There are 0 files in /opt/airflow/dags
[2026-08-07T03:34:56.320+0000] {manager.py:821} INFO - Searching for files in /opt/airflow/dags
[2026-08-07T03:34:56.325+0000] {manager.py:824} INFO - There are 0 files in /opt/airflow/dags
[2026-08-07T03:39:56.345+0000] {manager.py:821} INFO - Searching for files in /opt/airflow/dags
[2026-08-07T03:39:56.351+0000] {manager.py:824} INFO - There are 0 files in /opt/airflow/dags
[2026-08-07T03:44:57.325+0000] {manager.py:821} INFO - Searching for files in /opt/airflow/dags
[2026-08-07T03:44:57.331+0000] {manager.py:824} INFO - There are 0 files in /opt/airflow/dags
[2026-08-07T03:49:57.653+0000] {manager.py:821} INFO - Searching for files in /opt/airflow/dags
[2026-08-07T03:49:57.659+0000] {manager.py:824} INFO - There are 0 files in /opt/airflow/dags
[2026-08-07T03:54:58.555+0000] {manager.py:821} INFO - Searching for files in /opt/airflow/dags
[2026-08-07T03:54:58.558+0000] {manager.py:824} INFO - There are 0 files in /opt/airflow/dags
[2026-08-07T03:59:58.765+0000] {manager.py:821} INFO - Searching for files in /opt/airflow/dags
[2026-08-07T03:59:58.770+0000] {manager.py:824} INFO - There are 0 files in /opt/airflow/dags
[2026-08-07T04:52:04.700+0000] {manager.py:821} INFO - Searching for files in /opt/airflow/dags
[2026-08-07T04:52:04.704+0000] {manager.py:824} INFO - There are 0 files in /opt/airflow/dags
[2026-08-07T05:30:27.712+0000] {manager.py:821} INFO - Searching for files in /opt/airflow/dags
[2026-08-07T05:30:27.715+0000] {manager.py:824} INFO - There are 0 files in /opt/airflow/dags
[2026-08-07T06:21:47.396+0000] {manager.py:821} INFO - Searching for files in /opt/airflow/dags
[2026-08-07T06:21:47.399+0000] {manager.py:824} INFO - There are 0 files in /opt/airflow/dags
[2026-08-07T06:37:03.958+0000] {manager.py:821} INFO - Searching for files in /opt/airflow/dags
[2026-08-07T06:37:03.963+0000] {manager.py:824} INFO - There are 0 files in /opt/airflow/dags
[2026-08-07T06:45:01.826+0000] {manager.py:821} INFO - Searching for files in /opt/airflow/dags
[2026-08-07T06:45:01.837+0000] {manager.py:824} INFO - There are 0 files in /opt/airflow/dags
[2026-08-07T08:09:37.647+0000] {manager.py:821} INFO - Searching for files in /opt/airflow/dags
[2026-08-07T08:09:37.650+0000] {manager.py:824} INFO - There are 0 files in /opt/airflow/dags
[2026-08-07T09:27:25.274+0000] {manager.py:821} INFO - Searching for files in /opt/airflow/dags
[2026-08-07T09:27:25.277+0000] {manager.py:824} INFO - There are 0 files in /opt/airflow/dags
[2026-08-07T10:34:37.972+0000] {manager.py:821} INFO - Searching for files in /opt/airflow/dags
[2026-08-07T10:34:37.976+0000] {manager.py:824} INFO - There are 0 files in /opt/airflow/dags
[2026-08-07T11:27:27.571+0000] {manager.py:821} INFO - Searching for files in /opt/airflow/dags
[2026-08-07T11:27:27.573+0000] {manager.py:824} INFO - There are 0 files in /opt/airflow/dags
[2026-08-07T12:17:09.532+0000] {manager.py:821} INFO - Searching for files in /opt/airflow/dags
[2026-08-07T12:17:09.535+0000] {manager.py:824} INFO - There are 0 files in /opt/airflow/dags
[2026-08-07T12:47:41.906+0000] {manager.py:821} INFO - Searching for files in /opt/airflow/dags
[2026-08-07T12:47:41.909+0000] {manager.py:824} INFO - There are 0 files in /opt/airflow/dags
[2026-08-07T13:51:43.851+0000] {manager.py:821} INFO - Searching for files in /opt/airflow/dags
[2026-08-07T13:51:43.853+0000] {manager.py:824} INFO - There are 0 files in /opt/airflow/dags
[2026-08-07T15:21:58.999+0000] {manager.py:821} INFO - Searching for files in /opt/airflow/dags
[2026-08-07T15:21:59.000+0000] {manager.py:824} INFO - There are 0 files in /opt/airflow/dags
[2026-08-07T15:50:22.118+0000] {manager.py:821} INFO - Searching for files in /opt/airflow/dags
[2026-08-07T15:50:22.120+0000] {manager.py:824} INFO - There are 0 files in /opt/airflow/dags
[2026-08-07T16:33:13.645+0000] {manager.py:821} INFO - Searching for files in /opt/airflow/dags
[2026-08-07T16:33:13.648+0000] {manager.py:824} INFO - There are 0 files in /opt/airflow/dags
[2026-08-07T17:17:33.484+0000] {manager.py:821} INFO - Searching for files in /opt/airflow/dags
[2026-08-07T17:17:33.488+0000] {manager.py:824} INFO - There are 0 files in /opt/airflow/dags
[2026-08-07T17:25:46.869+0000] {manager.py:821} INFO - Searching for files in /opt/airflow/dags
[2026-08-07T17:25:46.874+0000] {manager.py:824} INFO - There are 0 files in /opt/airflow/dags
[2026-08-07T17:34:12.791+0000] {manager.py:821} INFO - Searching for files in /opt/airflow/dags
[2026-08-07T17:34:12.793+0000] {manager.py:824} INFO - There are 0 files in /opt/airflow/dags
[2026-08-07T17:58:17.660+0000] {manager.py:821} INFO - Searching for files in /opt/airflow/dags
[2026-08-07T17:58:17.663+0000] {manager.py:824} INFO - There are 0 files in /opt/airflow/dags
[2026-08-07T18:20:40.663+0000] {manager.py:821} INFO - Searching for files in /opt/airflow/dags
[2026-08-07T18:20:40.666+0000] {manager.py:824} INFO - There are 0 files in /opt/airflow/dags
[2026-08-07T18:30:07.884+0000] {manager.py:821} INFO - Searching for files in /opt/airflow/dags
[2026-08-07T18:30:07.889+0000] {manager.py:824} INFO - There are 0 files in /opt/airflow/dags
[2026-08-07T18:35:19.677+0000] {manager.py:821} INFO - Searching for files in /opt/airflow/dags
[2026-08-07T18:35:19.680+0000] {manager.py:824} INFO - There are 0 files in /opt/airflow/dags
[2026-08-07T18:53:46.418+0000] {manager.py:821} INFO - Searching for files in /opt/airflow/dags
[2026-08-07T18:53:46.421+0000] {manager.py:824} INFO - There are 0 files in /opt/airflow/dags
[2026-08-07T19:02:24.713+0000] {manager.py:821} INFO - Searching for files in /opt/airflow/dags
[2026-08-07T19:02:24.716+0000] {manager.py:824} INFO - There are 0 files in /opt/airflow/dags
[2026-08-07T19:13:46.224+0000] {manager.py:821} INFO - Searching for files in /opt/airflow/dags
[2026-08-07T19:13:46.229+0000] {manager.py:824} INFO - There are 0 files in /opt/airflow/dags
[2026-08-07T19:36:17.345+0000] {manager.py:821} INFO - Searching for files in /opt/airflow/dags
[2026-08-07T19:36:17.348+0000] {manager.py:824} INFO - There are 0 files in /opt/airflow/dags
[2026-08-07T20:10:50.958+0000] {manager.py:821} INFO - Searching for files in /opt/airflow/dags
[2026-08-07T20:10:50.960+0000] {manager.py:824} INFO - There are 0 files in /opt/airflow/dags
[2026-08-07T20:52:47.464+0000] {manager.py:821} INFO - Searching for files in /opt/airflow/dags
[2026-08-07T20:52:47.468+0000] {manager.py:824} INFO - There are 0 files in /opt/airflow/dags
[2026-08-07T21:06:29.771+0000] {manager.py:821} INFO - Searching for files in /opt/airflow/dags
[2026-08-07T21:06:29.774+0000] {manager.py:824} INFO - There are 0 files in /opt/airflow/dags
[2026-08-07T21:31:06.376+0000] {manager.py:821} INFO - Searching for files in /opt/airflow/dags
[2026-08-07T21:31:06.379+0000] {manager.py:824} INFO - There are 0 files in /opt/airflow/dags
[2026-08-07T21:47:50.495+0000] {manager.py:821} INFO - Searching for files in /opt/airflow/dags
[2026-08-07T21:47:50.498+0000] {manager.py:824} INFO - There are 0 files in /opt/airflow/dags
[2026-08-07T22:03:26.143+0000] {manager.py:821} INFO - Searching for files in /opt/airflow/dags
[2026-08-07T22:03:26.145+0000] {manager.py:824} INFO - There are 0 files in /opt/airflow/dags
[2026-08-07T22:08:26.368+0000] {manager.py:821} INFO - Searching for files in /opt/airflow/dags
[2026-08-07T22:08:26.373+0000] {manager.py:824} INFO - There are 0 files in /opt/airflow/dags
[2026-08-07T22:13:27.352+0000] {manager.py:821} INFO - Searching for files in /opt/airflow/dags
[2026-08-07T22:13:27.356+0000] {manager.py:824} INFO - There are 0 files in /opt/airflow/dags
[2026-08-07T22:18:28.209+0000] {manager.py:821} INFO - Searching for files in /opt/airflow/dags
[2026-08-07T22:18:28.214+0000] {manager.py:824} INFO - There are 0 files in /opt/airflow/dags
[2026-08-07T22:23:29.184+0000] {manager.py:821} INFO - Searching for files in /opt/airflow/dags
[2026-08-07T22:23:29.189+0000] {manager.py:824} INFO - There are 0 files in /opt/airflow/dags
[2026-08-07T22:28:29.496+0000] {manager.py:821} INFO - Searching for files in /opt/airflow/dags
[2026-08-07T22:28:29.502+0000] {manager.py:824} INFO - There are 0 files in /opt/airflow/dags
[2026-08-07T22:33:30.031+0000] {manager.py:821} INFO - Searching for files in /opt/airflow/dags
[2026-08-07T22:33:30.036+0000] {manager.py:824} INFO - There are 0 files in /opt/airflow/dags
[2026-08-07T22:43:46.189+0000] {manager.py:821} INFO - Searching for files in /opt/airflow/dags
[2026-08-07T22:43:46.191+0000] {manager.py:824} INFO - There are 0 files in /opt/airflow/dags
[2026-08-07T22:50:59.402+0000] {manager.py:821} INFO - Searching for files in /opt/airflow/dags
[2026-08-07T22:50:59.405+0000] {manager.py:824} INFO - There are 0 files in /opt/airflow/dags
[2026-08-07T22:55:59.788+0000] {manager.py:821} INFO - Searching for files in /opt/airflow/dags
[2026-08-07T22:55:59.797+0000] {manager.py:824} INFO - There are 0 files in /opt/airflow/dags
[2026-08-07T23:01:00.713+0000] {manager.py:821} INFO - Searching for files in /opt/airflow/dags
[2026-08-07T23:01:00.765+0000] {manager.py:824} INFO - There are 0 files in /opt/airflow/dags
[2026-08-07T23:16:00.371+0000] {manager.py:821} INFO - Searching for files in /opt/airflow/dags
[2026-08-07T23:16:00.374+0000] {manager.py:824} INFO - There are 0 files in /opt/airflow/dags
[2026-08-07T23:21:00.586+0000] {manager.py:821} INFO - Searching for files in /opt/airflow/dags
[2026-08-07T23:21:00.592+0000] {manager.py:824} INFO - There are 0 files in /opt/airflow/dags
[2026-08-07T23:27:58.351+0000] {manager.py:821} INFO - Searching for files in /opt/airflow/dags
[2026-08-07T23:27:58.355+0000] {manager.py:824} INFO - There are 0 files in /opt/airflow/dags
[2026-08-07T23:52:30.450+0000] {manager.py:821} INFO - Searching for files in /opt/airflow/dags
[2026-08-07T23:52:30.453+0000] {manager.py:824} INFO - There are 0 files in /opt/airflow/dags
[2026-08-08T00:16:13.918+0000] {manager.py:821} INFO - Searching for files in /opt/airflow/dags
[2026-08-08T00:16:13.924+0000] {manager.py:824} INFO - There are 0 files in /opt/airflow/dags
[2026-08-08T00:23:02.931+0000] {manager.py:821} INFO - Searching for files in /opt/airflow/dags
[2026-08-08T00:23:02.935+0000] {manager.py:824} INFO - There are 0 files in /opt/airflow/dags
[2026-08-08T00:52:21.434+0000] {manager.py:821} INFO - Searching for files in /opt/airflow/dags
[2026-08-08T00:52:21.442+0000] {manager.py:824} INFO - There are 0 files in /opt/airflow/dags
[2026-08-08T00:57:21.527+0000] {manager.py:821} INFO - Searching for files in /opt/airflow/dags
[2026-08-08T00:57:21.533+0000] {manager.py:824} INFO - There are 0 files in /opt/airflow/dags
[2026-08-08T01:02:21.560+0000] {manager.py:821} INFO - Searching for files in /opt/airflow/dags
[2026-08-08T01:02:21.565+0000] {manager.py:824} INFO - There are 0 files in /opt/airflow/dags
[2026-08-08T01:07:22.472+0000] {manager.py:821} INFO - Searching for files in /opt/airflow/dags
[2026-08-08T01:07:22.491+0000] {manager.py:824} INFO - There are 0 files in /opt/airflow/dags
[2026-08-08T01:12:22.521+0000] {manager.py:821} INFO - Searching for files in /opt/airflow/dags
[2026-08-08T01:12:22.528+0000] {manager.py:824} INFO - There are 0 files in /opt/airflow/dags
[2026-08-08T01:17:23.481+0000] {manager.py:821} INFO - Searching for files in /opt/airflow/dags
[2026-08-08T01:17:23.487+0000] {manager.py:824} INFO - There are 0 files in /opt/airflow/dags
[2026-08-08T01:22:23.647+0000] {manager.py:821} INFO - Searching for files in /opt/airflow/dags
[2026-08-08T01:22:23.657+0000] {manager.py:824} INFO - There are 0 files in /opt/airflow/dags
[2026-08-08T01:27:24.480+0000] {manager.py:821} INFO - Searching for files in /opt/airflow/dags
[2026-08-08T01:27:24.482+0000] {manager.py:824} INFO - There are 0 files in /opt/airflow/dags
[2026-08-08T01:32:24.625+0000] {manager.py:821} INFO - Searching for files in /opt/airflow/dags
[2026-08-08T01:32:24.631+0000] {manager.py:824} INFO - There are 0 files in /opt/airflow/dags
[2026-08-08T01:37:25.477+0000] {manager.py:821} INFO - Searching for files in /opt/airflow/dags
[2026-08-08T01:37:25.480+0000] {manager.py:824} INFO - There are 0 files in /opt/airflow/dags
[2026-08-08T01:42:26.347+0000] {manager.py:821} INFO - Searching for files in /opt/airflow/dags
[2026-08-08T01:42:26.354+0000] {manager.py:824} INFO - There are 0 files in /opt/airflow/dags
[2026-08-08T01:47:27.350+0000] {manager.py:821} INFO - Searching for files in /opt/airflow/dags
[2026-08-08T01:47:27.353+0000] {manager.py:824} INFO - There are 0 files in /opt/airflow/dags
[2026-08-08T01:52:27.386+0000] {manager.py:821} INFO - Searching for files in /opt/airflow/dags
[2026-08-08T01:52:27.391+0000] {manager.py:824} INFO - There are 0 files in /opt/airflow/dags
[2026-08-08T01:57:27.815+0000] {manager.py:821} INFO - Searching for files in /opt/airflow/dags
[2026-08-08T01:57:27.816+0000] {manager.py:824} INFO - There are 0 files in /opt/airflow/dags
[2026-08-08T02:02:28.704+0000] {manager.py:821} INFO - Searching for files in /opt/airflow/dags
[2026-08-08T02:02:28.709+0000] {manager.py:824} INFO - There are 0 files in /opt/airflow/dags
[2026-08-08T02:07:28.721+0000] {manager.py:821} INFO - Searching for files in /opt/airflow/dags
[2026-08-08T02:07:28.727+0000] {manager.py:824} INFO - There are 0 files in /opt/airflow/dags
[2026-08-08T02:12:29.580+0000] {manager.py:821} INFO - Searching for files in /opt/airflow/dags
[2026-08-08T02:12:29.584+0000] {manager.py:824} INFO - There are 0 files in /opt/airflow/dags
[2026-08-08T02:17:29.718+0000] {manager.py:821} INFO - Searching for files in /opt/airflow/dags
[2026-08-08T02:17:29.724+0000] {manager.py:824} INFO - There are 0 files in /opt/airflow/dags
[2026-08-08T02:22:30.679+0000] {manager.py:821} INFO - Searching for files in /opt/airflow/dags
[2026-08-08T02:22:30.684+0000] {manager.py:824} INFO - There are 0 files in /opt/airflow/dags
[2026-08-08T02:27:30.736+0000] {manager.py:821} INFO - Searching for files in /opt/airflow/dags
[2026-08-08T02:27:30.739+0000] {manager.py:824} INFO - There are 0 files in /opt/airflow/dags
[2026-08-08T02:32:30.951+0000] {manager.py:821} INFO - Searching for files in /opt/airflow/dags
[2026-08-08T02:32:30.957+0000] {manager.py:824} INFO - There are 0 files in /opt/airflow/dags
[2026-08-08T02:37:31.058+0000] {manager.py:821} INFO - Searching for files in /opt/airflow/dags
[2026-08-08T02:37:31.062+0000] {manager.py:824} INFO - There are 0 files in /opt/airflow/dags
[2026-08-08T02:42:31.324+0000] {manager.py:821} INFO - Searching for files in /opt/airflow/dags
[2026-08-08T02:42:31.330+0000] {manager.py:824} INFO - There are 0 files in /opt/airflow/dags
[2026-08-08T02:47:31.386+0000] {manager.py:821} INFO - Searching for files in /opt/airflow/dags
[2026-08-08T02:47:31.390+0000] {manager.py:824} INFO - There are 0 files in /opt/airflow/dags
[2026-08-08T02:52:31.536+0000] {manager.py:821} INFO - Searching for files in /opt/airflow/dags
[2026-08-08T02:52:31.540+0000] {manager.py:824} INFO - There are 0 files in /opt/airflow/dags
[2026-08-08T02:57:32.538+0000] {manager.py:821} INFO - Searching for files in /opt/airflow/dags
[2026-08-08T02:57:32.543+0000] {manager.py:824} INFO - There are 0 files in /opt/airflow/dags
[2026-08-08T03:02:32.585+0000] {manager.py:821} INFO - Searching for files in /opt/airflow/dags
[2026-08-08T03:02:32.592+0000] {manager.py:824} INFO - There are 0 files in /opt/airflow/dags
[2026-08-08T03:07:33.051+0000] {manager.py:821} INFO - Searching for files in /opt/airflow/dags
[2026-08-08T03:07:33.058+0000] {manager.py:824} INFO - There are 0 files in /opt/airflow/dags
[2026-08-08T03:12:33.340+0000] {manager.py:821} INFO - Searching for files in /opt/airflow/dags
[2026-08-08T03:12:33.345+0000] {manager.py:824} INFO - There are 0 files in /opt/airflow/dags
[2026-08-08T03:17:33.693+0000] {manager.py:821} INFO - Searching for files in /opt/airflow/dags
[2026-08-08T03:17:33.699+0000] {manager.py:824} INFO - There are 0 files in /opt/airflow/dags
[2026-08-08T03:22:34.302+0000] {manager.py:821} INFO - Searching for files in /opt/airflow/dags
[2026-08-08T03:22:34.308+0000] {manager.py:824} INFO - There are 0 files in /opt/airflow/dags
[2026-08-08T03:27:34.316+0000] {manager.py:821} INFO - Searching for files in /opt/airflow/dags
[2026-08-08T03:27:34.322+0000] {manager.py:824} INFO - There are 0 files in /opt/airflow/dags
[2026-08-08T03:32:34.601+0000] {manager.py:821} INFO - Searching for files in /opt/airflow/dags
[2026-08-08T03:32:34.608+0000] {manager.py:824} INFO - There are 0 files in /opt/airflow/dags
[2026-08-08T03:41:26.085+0000] {manager.py:821} INFO - Searching for files in /opt/airflow/dags
[2026-08-08T03:41:26.089+0000] {manager.py:824} INFO - There are 0 files in /opt/airflow/dags
[2026-08-08T03:46:26.132+0000] {manager.py:821} INFO - Searching for files in /opt/airflow/dags
[2026-08-08T03:46:26.136+0000] {manager.py:824} INFO - There are 0 files in /opt/airflow/dags
[2026-08-08T03:51:26.287+0000] {manager.py:821} INFO - Searching for files in /opt/airflow/dags
[2026-08-08T03:51:26.292+0000] {manager.py:824} INFO - There are 0 files in /opt/airflow/dags
[2026-08-08T03:56:27.217+0000] {manager.py:821} INFO - Searching for files in /opt/airflow/dags
[2026-08-08T03:56:27.224+0000] {manager.py:824} INFO - There are 0 files in /opt/airflow/dags
[2026-08-08T04:01:27.364+0000] {manager.py:821} INFO - Searching for files in /opt/airflow/dags
[2026-08-08T04:01:27.370+0000] {manager.py:824} INFO - There are 0 files in /opt/airflow/dags
[2026-08-08T04:06:27.441+0000] {manager.py:821} INFO - Searching for files in /opt/airflow/dags
[2026-08-08T04:06:27.446+0000] {manager.py:824} INFO - There are 0 files in /opt/airflow/dags
[2026-08-08T04:11:27.892+0000] {manager.py:821} INFO - Searching for files in /opt/airflow/dags
[2026-08-08T04:11:27.898+0000] {manager.py:824} INFO - There are 0 files in /opt/airflow/dags
[2026-08-08T04:16:28.375+0000] {manager.py:821} INFO - Searching for files in /opt/airflow/dags
[2026-08-08T04:16:28.380+0000] {manager.py:824} INFO - There are 0 files in /opt/airflow/dags
[2026-08-08T04:21:28.896+0000] {manager.py:821} INFO - Searching for files in /opt/airflow/dags
[2026-08-08T04:21:28.902+0000] {manager.py:824} INFO - There are 0 files in /opt/airflow/dags
[2026-08-08T04:26:29.779+0000] {manager.py:821} INFO - Searching for files in /opt/airflow/dags
[2026-08-08T04:26:29.784+0000] {manager.py:824} INFO - There are 0 files in /opt/airflow/dags
[2026-08-08T04:43:27.649+0000] {manager.py:821} INFO - Searching for files in /opt/airflow/dags
[2026-08-08T04:43:27.660+0000] {manager.py:824} INFO - There are 0 files in /opt/airflow/dags
[2026-08-08T04:48:27.818+0000] {manager.py:821} INFO - Searching for files in /opt/airflow/dags
[2026-08-08T04:48:27.823+0000] {manager.py:824} INFO - There are 0 files in /opt/airflow/dags
[2026-08-08T04:53:28.524+0000] {manager.py:821} INFO - Searching for files in /opt/airflow/dags
[2026-08-08T04:53:28.536+0000] {manager.py:824} INFO - There are 0 files in /opt/airflow/dags
[2026-08-08T04:58:29.168+0000] {manager.py:821} INFO - Searching for files in /opt/airflow/dags
[2026-08-08T04:58:29.173+0000] {manager.py:824} INFO - There are 0 files in /opt/airflow/dags
[2026-08-08T05:03:29.629+0000] {manager.py:821} INFO - Searching for files in /opt/airflow/dags
[2026-08-08T05:03:29.637+0000] {manager.py:824} INFO - There are 0 files in /opt/airflow/dags
[2026-08-08T05:08:29.865+0000] {manager.py:821} INFO - Searching for files in /opt/airflow/dags
[2026-08-08T05:08:29.874+0000] {manager.py:824} INFO - There are 0 files in /opt/airflow/dags
[2026-08-08T05:13:30.138+0000] {manager.py:821} INFO - Searching for files in /opt/airflow/dags
[2026-08-08T05:13:30.154+0000] {manager.py:824} INFO - There are 0 files in /opt/airflow/dags
[2026-08-18T02:47:57.208+0000] {manager.py:483} INFO - Processing files using up to 2 processes at a time 
[2026-08-18T02:47:57.208+0000] {manager.py:484} INFO - Process each file at most once every 30 seconds
[2026-08-18T02:47:57.208+0000] {manager.py:485} INFO - Checking for new files in /opt/airflow/dags every 300 seconds
[2026-08-18T02:47:57.208+0000] {manager.py:821} INFO - Searching for files in /opt/airflow/dags
[2026-08-18T02:47:57.209+0000] {manager.py:824} INFO - There are 0 files in /opt/airflow/dags
[2026-08-18T02:48:13.108+0000] {manager.py:465} INFO - Exiting gracefully upon receiving signal 15
[2026-08-18T02:48:45.074+0000] {manager.py:483} INFO - Processing files using up to 2 processes at a time 
[2026-08-18T02:48:45.074+0000] {manager.py:484} INFO - Process each file at most once every 30 seconds
[2026-08-18T02:48:45.074+0000] {manager.py:485} INFO - Checking for new files in /opt/airflow/dags every 300 seconds
[2026-08-18T02:48:45.074+0000] {manager.py:821} INFO - Searching for files in /opt/airflow/dags
[2026-08-18T02:48:45.075+0000] {manager.py:824} INFO - There are 0 files in /opt/airflow/dags
[2026-08-18T02:48:52.417+0000] {manager.py:465} INFO - Exiting gracefully upon receiving signal 15
[2026-08-24T23:58:47.055+0000] {manager.py:483} INFO - Processing files using up to 2 processes at a time 
[2026-08-24T23:58:47.056+0000] {manager.py:484} INFO - Process each file at most once every 30 seconds
[2026-08-24T23:58:47.056+0000] {manager.py:485} INFO - Checking for new files in /opt/airflow/dags every 300 seconds
[2026-08-24T23:58:47.056+0000] {manager.py:821} INFO - Searching for files in /opt/airflow/dags
[2026-08-24T23:58:47.057+0000] {manager.py:824} INFO - There are 0 files in /opt/airflow/dags
[2026-08-25T00:03:47.823+0000] {manager.py:821} INFO - Searching for files in /opt/airflow/dags
[2026-08-25T00:03:47.826+0000] {manager.py:824} INFO - There are 0 files in /opt/airflow/dags
[2026-08-25T00:08:48.671+0000] {manager.py:821} INFO - Searching for files in /opt/airflow/dags
[2026-08-25T00:08:48.675+0000] {manager.py:824} INFO - There are 0 files in /opt/airflow/dags
[2026-08-25T00:13:49.353+0000] {manager.py:821} INFO - Searching for files in /opt/airflow/dags
[2026-08-25T00:13:49.356+0000] {manager.py:824} INFO - There are 0 files in /opt/airflow/dags
[2026-08-25T00:18:50.222+0000] {manager.py:821} INFO - Searching for files in /opt/airflow/dags
[2026-08-25T00:18:50.227+0000] {manager.py:824} INFO - There are 0 files in /opt/airflow/dags
[2026-08-25T00:23:51.113+0000] {manager.py:821} INFO - Searching for files in /opt/airflow/dags
[2026-08-25T00:23:51.115+0000] {manager.py:824} INFO - There are 0 files in /opt/airflow/dags
[2026-08-25T00:41:59.308+0000] {manager.py:821} INFO - Searching for files in /opt/airflow/dags
[2026-08-25T00:41:59.310+0000] {manager.py:824} INFO - There are 0 files in /opt/airflow/dags
[2026-08-25T00:46:59.586+0000] {manager.py:821} INFO - Searching for files in /opt/airflow/dags
[2026-08-25T00:46:59.588+0000] {manager.py:824} INFO - There are 0 files in /opt/airflow/dags
[2026-08-25T00:52:00.429+0000] {manager.py:821} INFO - Searching for files in /opt/airflow/dags
[2026-08-25T00:52:00.430+0000] {manager.py:824} INFO - There are 0 files in /opt/airflow/dags
[2026-08-25T00:57:01.275+0000] {manager.py:821} INFO - Searching for files in /opt/airflow/dags
[2026-08-25T00:57:01.279+0000] {manager.py:824} INFO - There are 0 files in /opt/airflow/dags
[2026-08-25T01:02:02.180+0000] {manager.py:821} INFO - Searching for files in /opt/airflow/dags
[2026-08-25T01:02:02.183+0000] {manager.py:824} INFO - There are 0 files in /opt/airflow/dags
[2026-08-25T01:07:02.897+0000] {manager.py:821} INFO - Searching for files in /opt/airflow/dags
[2026-08-25T01:07:02.899+0000] {manager.py:824} INFO - There are 0 files in /opt/airflow/dags
[2026-08-25T01:27:26.071+0000] {manager.py:821} INFO - Searching for files in /opt/airflow/dags
[2026-08-25T01:27:26.075+0000] {manager.py:824} INFO - There are 0 files in /opt/airflow/dags
[2026-08-25T01:35:32.730+0000] {manager.py:821} INFO - Searching for files in /opt/airflow/dags
[2026-08-25T01:35:32.732+0000] {manager.py:824} INFO - There are 0 files in /opt/airflow/dags
[2026-08-25T02:18:33.649+0000] {manager.py:821} INFO - Searching for files in /opt/airflow/dags
[2026-08-25T02:18:33.651+0000] {manager.py:824} INFO - There are 0 files in /opt/airflow/dags
[2026-08-25T02:42:44.255+0000] {manager.py:821} INFO - Searching for files in /opt/airflow/dags
[2026-08-25T02:42:44.255+0000] {manager.py:824} INFO - There are 0 files in /opt/airflow/dags
[2026-08-25T02:54:42.591+0000] {manager.py:821} INFO - Searching for files in /opt/airflow/dags
[2026-08-25T02:54:42.595+0000] {manager.py:824} INFO - There are 0 files in /opt/airflow/dags
[2026-08-25T02:59:43.430+0000] {manager.py:821} INFO - Searching for files in /opt/airflow/dags
[2026-08-25T02:59:43.436+0000] {manager.py:824} INFO - There are 0 files in /opt/airflow/dags
[2026-08-25T03:04:44.336+0000] {manager.py:821} INFO - Searching for files in /opt/airflow/dags
[2026-08-25T03:04:44.339+0000] {manager.py:824} INFO - There are 0 files in /opt/airflow/dags
[2026-08-25T03:09:45.246+0000] {manager.py:821} INFO - Searching for files in /opt/airflow/dags
[2026-08-25T03:09:45.250+0000] {manager.py:824} INFO - There are 0 files in /opt/airflow/dags
[2026-08-25T03:14:46.015+0000] {manager.py:821} INFO - Searching for files in /opt/airflow/dags
[2026-08-25T03:14:46.018+0000] {manager.py:824} INFO - There are 0 files in /opt/airflow/dags
[2026-08-25T03:19:46.886+0000] {manager.py:821} INFO - Searching for files in /opt/airflow/dags
[2026-08-25T03:19:46.889+0000] {manager.py:824} INFO - There are 0 files in /opt/airflow/dags
[2026-08-25T03:24:47.823+0000] {manager.py:821} INFO - Searching for files in /opt/airflow/dags
[2026-08-25T03:24:47.826+0000] {manager.py:824} INFO - There are 0 files in /opt/airflow/dags
[2026-08-25T03:29:48.647+0000] {manager.py:821} INFO - Searching for files in /opt/airflow/dags
[2026-08-25T03:29:48.652+0000] {manager.py:824} INFO - There are 0 files in /opt/airflow/dags
[2026-08-25T03:37:40.482+0000] {manager.py:821} INFO - Searching for files in /opt/airflow/dags
[2026-08-25T03:37:40.485+0000] {manager.py:824} INFO - There are 0 files in /opt/airflow/dags
[2026-08-25T03:56:59.695+0000] {manager.py:821} INFO - Searching for files in /opt/airflow/dags
[2026-08-25T03:56:59.699+0000] {manager.py:824} INFO - There are 0 files in /opt/airflow/dags
[2026-08-25T04:02:00.645+0000] {manager.py:821} INFO - Searching for files in /opt/airflow/dags
[2026-08-25T04:02:00.650+0000] {manager.py:824} INFO - There are 0 files in /opt/airflow/dags
[2026-08-25T04:07:01.579+0000] {manager.py:821} INFO - Searching for files in /opt/airflow/dags
[2026-08-25T04:07:01.584+0000] {manager.py:824} INFO - There are 0 files in /opt/airflow/dags
[2026-08-25T04:12:02.361+0000] {manager.py:821} INFO - Searching for files in /opt/airflow/dags
[2026-08-25T04:12:02.366+0000] {manager.py:824} INFO - There are 0 files in /opt/airflow/dags
[2026-08-25T04:17:03.296+0000] {manager.py:821} INFO - Searching for files in /opt/airflow/dags
[2026-08-25T04:17:03.300+0000] {manager.py:824} INFO - There are 0 files in /opt/airflow/dags
[2026-08-25T04:22:04.009+0000] {manager.py:821} INFO - Searching for files in /opt/airflow/dags
[2026-08-25T04:22:04.011+0000] {manager.py:824} INFO - There are 0 files in /opt/airflow/dags
[2026-08-25T04:27:04.941+0000] {manager.py:821} INFO - Searching for files in /opt/airflow/dags
[2026-08-25T04:27:04.945+0000] {manager.py:824} INFO - There are 0 files in /opt/airflow/dags
[2026-08-25T04:32:05.847+0000] {manager.py:821} INFO - Searching for files in /opt/airflow/dags
[2026-08-25T04:32:05.852+0000] {manager.py:824} INFO - There are 0 files in /opt/airflow/dags
[2026-08-25T04:37:06.796+0000] {manager.py:821} INFO - Searching for files in /opt/airflow/dags
[2026-08-25T04:37:06.801+0000] {manager.py:824} INFO - There are 0 files in /opt/airflow/dags
[2026-08-25T04:42:07.511+0000] {manager.py:821} INFO - Searching for files in /opt/airflow/dags
[2026-08-25T04:42:07.516+0000] {manager.py:824} INFO - There are 0 files in /opt/airflow/dags
[2026-08-25T04:55:45.630+0000] {manager.py:821} INFO - Searching for files in /opt/airflow/dags
[2026-08-25T04:55:45.635+0000] {manager.py:824} INFO - There are 0 files in /opt/airflow/dags
[2026-08-25T05:21:20.259+0000] {manager.py:821} INFO - Searching for files in /opt/airflow/dags
[2026-08-25T05:21:20.261+0000] {manager.py:824} INFO - There are 0 files in /opt/airflow/dags
[2026-08-25T06:28:05.200+0000] {manager.py:821} INFO - Searching for files in /opt/airflow/dags
[2026-08-25T06:28:05.204+0000] {manager.py:824} INFO - There are 0 files in /opt/airflow/dags
[2026-08-25T06:39:36.539+0000] {manager.py:821} INFO - Searching for files in /opt/airflow/dags
[2026-08-25T06:39:36.542+0000] {manager.py:824} INFO - There are 0 files in /opt/airflow/dags
[2026-08-25T06:44:58.514+0000] {manager.py:821} INFO - Searching for files in /opt/airflow/dags
[2026-08-25T06:44:58.515+0000] {manager.py:824} INFO - There are 0 files in /opt/airflow/dags
[2026-08-25T07:09:45.848+0000] {manager.py:821} INFO - Searching for files in /opt/airflow/dags
[2026-08-25T07:09:45.852+0000] {manager.py:824} INFO - There are 0 files in /opt/airflow/dags
[2026-08-25T07:53:44.171+0000] {manager.py:821} INFO - Searching for files in /opt/airflow/dags
[2026-08-25T07:53:44.174+0000] {manager.py:824} INFO - There are 0 files in /opt/airflow/dags
[2026-08-25T08:37:28.854+0000] {manager.py:821} INFO - Searching for files in /opt/airflow/dags
[2026-08-25T08:37:28.856+0000] {manager.py:824} INFO - There are 0 files in /opt/airflow/dags
[2026-08-25T09:15:34.260+0000] {manager.py:821} INFO - Searching for files in /opt/airflow/dags
[2026-08-25T09:15:34.263+0000] {manager.py:824} INFO - There are 0 files in /opt/airflow/dags
[2026-08-25T09:56:46.414+0000] {manager.py:821} INFO - Searching for files in /opt/airflow/dags
[2026-08-25T09:56:46.417+0000] {manager.py:824} INFO - There are 0 files in /opt/airflow/dags
[2026-08-25T10:48:29.929+0000] {manager.py:821} INFO - Searching for files in /opt/airflow/dags
[2026-08-25T10:48:29.931+0000] {manager.py:824} INFO - There are 0 files in /opt/airflow/dags
[2026-08-25T11:49:39.300+0000] {manager.py:821} INFO - Searching for files in /opt/airflow/dags
[2026-08-25T11:49:39.302+0000] {manager.py:824} INFO - There are 0 files in /opt/airflow/dags
[2026-08-25T12:50:30.738+0000] {manager.py:821} INFO - Searching for files in /opt/airflow/dags
[2026-08-25T12:50:30.740+0000] {manager.py:824} INFO - There are 0 files in /opt/airflow/dags
[2026-08-25T13:51:38.244+0000] {manager.py:821} INFO - Searching for files in /opt/airflow/dags
[2026-08-25T13:51:38.246+0000] {manager.py:824} INFO - There are 0 files in /opt/airflow/dags
[2026-08-25T14:19:37.387+0000] {manager.py:821} INFO - Searching for files in /opt/airflow/dags
[2026-08-25T14:19:37.389+0000] {manager.py:824} INFO - There are 0 files in /opt/airflow/dags
[2026-08-25T14:27:08.028+0000] {manager.py:821} INFO - Searching for files in /opt/airflow/dags
[2026-08-25T14:27:08.031+0000] {manager.py:824} INFO - There are 0 files in /opt/airflow/dags
[2026-08-25T15:17:32.968+0000] {manager.py:821} INFO - Searching for files in /opt/airflow/dags
[2026-08-25T15:17:32.970+0000] {manager.py:824} INFO - There are 0 files in /opt/airflow/dags
[2026-08-25T15:39:43.856+0000] {manager.py:821} INFO - Searching for files in /opt/airflow/dags
[2026-08-25T15:39:43.858+0000] {manager.py:824} INFO - There are 0 files in /opt/airflow/dags
[2026-08-25T15:45:55.637+0000] {manager.py:821} INFO - Searching for files in /opt/airflow/dags
[2026-08-25T15:45:55.640+0000] {manager.py:824} INFO - There are 0 files in /opt/airflow/dags
[2026-08-25T15:58:38.841+0000] {manager.py:821} INFO - Searching for files in /opt/airflow/dags
[2026-08-25T15:58:38.843+0000] {manager.py:824} INFO - There are 0 files in /opt/airflow/dags
[2026-08-25T16:20:08.395+0000] {manager.py:821} INFO - Searching for files in /opt/airflow/dags
[2026-08-25T16:20:08.396+0000] {manager.py:824} INFO - There are 0 files in /opt/airflow/dags
[2026-08-25T16:28:07.616+0000] {manager.py:821} INFO - Searching for files in /opt/airflow/dags
[2026-08-25T16:28:07.617+0000] {manager.py:824} INFO - There are 0 files in /opt/airflow/dags
[2026-08-25T16:37:44.351+0000] {manager.py:821} INFO - Searching for files in /opt/airflow/dags
[2026-08-25T16:37:44.353+0000] {manager.py:824} INFO - There are 0 files in /opt/airflow/dags
[2026-08-25T16:52:56.053+0000] {manager.py:821} INFO - Searching for files in /opt/airflow/dags
[2026-08-25T16:52:56.055+0000] {manager.py:824} INFO - There are 0 files in /opt/airflow/dags
[2026-08-25T17:17:39.903+0000] {manager.py:821} INFO - Searching for files in /opt/airflow/dags
[2026-08-25T17:17:39.904+0000] {manager.py:824} INFO - There are 0 files in /opt/airflow/dags
[2026-08-25T17:23:40.755+0000] {manager.py:821} INFO - Searching for files in /opt/airflow/dags
[2026-08-25T17:23:40.760+0000] {manager.py:824} INFO - There are 0 files in /opt/airflow/dags
[2026-08-25T17:28:41.557+0000] {manager.py:821} INFO - Searching for files in /opt/airflow/dags
[2026-08-25T17:28:41.560+0000] {manager.py:824} INFO - There are 0 files in /opt/airflow/dags
[2026-08-25T17:33:42.504+0000] {manager.py:821} INFO - Searching for files in /opt/airflow/dags
[2026-08-25T17:33:42.509+0000] {manager.py:824} INFO - There are 0 files in /opt/airflow/dags
[2026-08-25T17:38:43.337+0000] {manager.py:821} INFO - Searching for files in /opt/airflow/dags
[2026-08-25T17:38:43.340+0000] {manager.py:824} INFO - There are 0 files in /opt/airflow/dags
[2026-08-25T17:43:44.141+0000] {manager.py:821} INFO - Searching for files in /opt/airflow/dags
[2026-08-25T17:43:44.145+0000] {manager.py:824} INFO - There are 0 files in /opt/airflow/dags
[2026-08-25T17:48:44.453+0000] {manager.py:821} INFO - Searching for files in /opt/airflow/dags
[2026-08-25T17:48:44.457+0000] {manager.py:824} INFO - There are 0 files in /opt/airflow/dags
[2026-08-25T18:27:13.499+0000] {manager.py:821} INFO - Searching for files in /opt/airflow/dags
[2026-08-25T18:27:13.502+0000] {manager.py:824} INFO - There are 0 files in /opt/airflow/dags
[2026-08-25T18:47:13.224+0000] {manager.py:821} INFO - Searching for files in /opt/airflow/dags
[2026-08-25T18:47:13.226+0000] {manager.py:824} INFO - There are 0 files in /opt/airflow/dags
[2026-08-25T19:36:44.534+0000] {manager.py:821} INFO - Searching for files in /opt/airflow/dags
[2026-08-25T19:36:44.535+0000] {manager.py:824} INFO - There are 0 files in /opt/airflow/dags
[2026-08-25T19:48:29.673+0000] {manager.py:821} INFO - Searching for files in /opt/airflow/dags
[2026-08-25T19:48:29.676+0000] {manager.py:824} INFO - There are 0 files in /opt/airflow/dags
[2026-08-25T20:50:30.347+0000] {manager.py:821} INFO - Searching for files in /opt/airflow/dags
[2026-08-25T20:50:30.348+0000] {manager.py:824} INFO - There are 0 files in /opt/airflow/dags
[2026-08-25T21:10:09.113+0000] {manager.py:821} INFO - Searching for files in /opt/airflow/dags
[2026-08-25T21:10:09.115+0000] {manager.py:824} INFO - There are 0 files in /opt/airflow/dags
[2026-08-25T21:52:31.844+0000] {manager.py:821} INFO - Searching for files in /opt/airflow/dags
[2026-08-25T21:52:31.845+0000] {manager.py:824} INFO - There are 0 files in /opt/airflow/dags
[2026-08-25T21:57:31.929+0000] {manager.py:821} INFO - Searching for files in /opt/airflow/dags
[2026-08-25T21:57:31.932+0000] {manager.py:824} INFO - There are 0 files in /opt/airflow/dags
[2026-08-25T22:02:32.291+0000] {manager.py:821} INFO - Searching for files in /opt/airflow/dags
[2026-08-25T22:02:32.293+0000] {manager.py:824} INFO - There are 0 files in /opt/airflow/dags
[2026-08-25T22:07:32.784+0000] {manager.py:821} INFO - Searching for files in /opt/airflow/dags
[2026-08-25T22:07:32.786+0000] {manager.py:824} INFO - There are 0 files in /opt/airflow/dags
[2026-08-25T22:12:33.176+0000] {manager.py:821} INFO - Searching for files in /opt/airflow/dags
[2026-08-25T22:12:33.179+0000] {manager.py:824} INFO - There are 0 files in /opt/airflow/dags
[2026-08-25T22:17:33.575+0000] {manager.py:821} INFO - Searching for files in /opt/airflow/dags
[2026-08-25T22:17:33.577+0000] {manager.py:824} INFO - There are 0 files in /opt/airflow/dags
[2026-08-25T22:22:34.129+0000] {manager.py:821} INFO - Searching for files in /opt/airflow/dags
[2026-08-25T22:22:34.132+0000] {manager.py:824} INFO - There are 0 files in /opt/airflow/dags
[2026-08-25T22:27:34.563+0000] {manager.py:821} INFO - Searching for files in /opt/airflow/dags
[2026-08-25T22:27:34.565+0000] {manager.py:824} INFO - There are 0 files in /opt/airflow/dags
[2026-08-25T22:32:34.958+0000] {manager.py:821} INFO - Searching for files in /opt/airflow/dags
[2026-08-25T22:32:34.961+0000] {manager.py:824} INFO - There are 0 files in /opt/airflow/dags
[2026-08-25T22:37:35.772+0000] {manager.py:821} INFO - Searching for files in /opt/airflow/dags
[2026-08-25T22:37:35.773+0000] {manager.py:824} INFO - There are 0 files in /opt/airflow/dags
[2026-08-25T22:42:36.762+0000] {manager.py:821} INFO - Searching for files in /opt/airflow/dags
[2026-08-25T22:42:36.764+0000] {manager.py:824} INFO - There are 0 files in /opt/airflow/dags
[2026-08-25T22:47:37.733+0000] {manager.py:821} INFO - Searching for files in /opt/airflow/dags
[2026-08-25T22:47:37.737+0000] {manager.py:824} INFO - There are 0 files in /opt/airflow/dags
[2026-08-25T22:52:38.699+0000] {manager.py:821} INFO - Searching for files in /opt/airflow/dags
[2026-08-25T22:52:38.702+0000] {manager.py:824} INFO - There are 0 files in /opt/airflow/dags
[2026-08-25T22:57:39.513+0000] {manager.py:821} INFO - Searching for files in /opt/airflow/dags
[2026-08-25T22:57:39.516+0000] {manager.py:824} INFO - There are 0 files in /opt/airflow/dags
[2026-08-25T23:22:04.747+0000] {manager.py:821} INFO - Searching for files in /opt/airflow/dags
[2026-08-25T23:22:04.750+0000] {manager.py:824} INFO - There are 0 files in /opt/airflow/dags
[2026-08-25T23:39:29.571+0000] {manager.py:821} INFO - Searching for files in /opt/airflow/dags
[2026-08-25T23:39:29.572+0000] {manager.py:824} INFO - There are 0 files in /opt/airflow/dags
[2026-08-25T23:51:55.855+0000] {manager.py:821} INFO - Searching for files in /opt/airflow/dags
[2026-08-25T23:51:55.857+0000] {manager.py:824} INFO - There are 0 files in /opt/airflow/dags
[2026-08-26T00:04:54.369+0000] {manager.py:821} INFO - Searching for files in /opt/airflow/dags
[2026-08-26T00:04:54.371+0000] {manager.py:824} INFO - There are 0 files in /opt/airflow/dags
[2026-08-26T00:41:11.733+0000] {manager.py:821} INFO - Searching for files in /opt/airflow/dags
[2026-08-26T00:41:11.734+0000] {manager.py:824} INFO - There are 0 files in /opt/airflow/dags
[2026-08-26T01:19:46.035+0000] {manager.py:821} INFO - Searching for files in /opt/airflow/dags
[2026-08-26T01:19:46.037+0000] {manager.py:824} INFO - There are 0 files in /opt/airflow/dags
[2026-08-26T01:25:27.974+0000] {manager.py:821} INFO - Searching for files in /opt/airflow/dags
[2026-08-26T01:25:27.976+0000] {manager.py:824} INFO - There are 0 files in /opt/airflow/dags
[2026-08-26T01:32:09.798+0000] {manager.py:821} INFO - Searching for files in /opt/airflow/dags
[2026-08-26T01:32:09.800+0000] {manager.py:824} INFO - There are 0 files in /opt/airflow/dags
[2026-08-26T01:55:49.060+0000] {manager.py:821} INFO - Searching for files in /opt/airflow/dags
[2026-08-26T01:55:49.062+0000] {manager.py:824} INFO - There are 0 files in /opt/airflow/dags
[2026-08-26T02:09:53.706+0000] {manager.py:821} INFO - Searching for files in /opt/airflow/dags
[2026-08-26T02:09:53.708+0000] {manager.py:824} INFO - There are 0 files in /opt/airflow/dags
[2026-08-26T02:47:32.612+0000] {manager.py:821} INFO - Searching for files in /opt/airflow/dags
[2026-08-26T02:47:32.613+0000] {manager.py:824} INFO - There are 0 files in /opt/airflow/dags
[2026-08-26T03:06:39.567+0000] {manager.py:821} INFO - Searching for files in /opt/airflow/dags
[2026-08-26T03:06:39.570+0000] {manager.py:824} INFO - There are 0 files in /opt/airflow/dags
[2026-08-26T03:13:16.808+0000] {manager.py:821} INFO - Searching for files in /opt/airflow/dags
[2026-08-26T03:13:16.812+0000] {manager.py:824} INFO - There are 0 files in /opt/airflow/dags
[2026-08-26T03:34:18.658+0000] {manager.py:821} INFO - Searching for files in /opt/airflow/dags
[2026-08-26T03:34:18.660+0000] {manager.py:824} INFO - There are 0 files in /opt/airflow/dags
[2026-08-26T03:49:48.002+0000] {manager.py:821} INFO - Searching for files in /opt/airflow/dags
[2026-08-26T03:49:48.005+0000] {manager.py:824} INFO - There are 0 files in /opt/airflow/dags
[2026-08-26T03:58:02.877+0000] {manager.py:821} INFO - Searching for files in /opt/airflow/dags
[2026-08-26T03:58:02.880+0000] {manager.py:824} INFO - There are 0 files in /opt/airflow/dags
[2026-08-26T04:21:15.827+0000] {manager.py:821} INFO - Searching for files in /opt/airflow/dags
[2026-08-26T04:21:15.830+0000] {manager.py:824} INFO - There are 0 files in /opt/airflow/dags
[2026-08-26T04:35:13.127+0000] {manager.py:821} INFO - Searching for files in /opt/airflow/dags
[2026-08-26T04:35:13.128+0000] {manager.py:824} INFO - There are 0 files in /opt/airflow/dags
[2026-08-26T04:48:56.177+0000] {manager.py:821} INFO - Searching for files in /opt/airflow/dags
[2026-08-26T04:48:56.179+0000] {manager.py:824} INFO - There are 0 files in /opt/airflow/dags
[2026-08-26T05:49:09.937+0000] {manager.py:821} INFO - Searching for files in /opt/airflow/dags
[2026-08-26T05:49:09.939+0000] {manager.py:824} INFO - There are 0 files in /opt/airflow/dags
[2026-08-26T06:35:02.801+0000] {manager.py:821} INFO - Searching for files in /opt/airflow/dags
[2026-08-26T06:35:02.803+0000] {manager.py:824} INFO - There are 0 files in /opt/airflow/dags
[2026-08-26T07:11:22.986+0000] {manager.py:821} INFO - Searching for files in /opt/airflow/dags
[2026-08-26T07:11:22.988+0000] {manager.py:824} INFO - There are 0 files in /opt/airflow/dags
[2026-08-26T07:23:29.175+0000] {manager.py:821} INFO - Searching for files in /opt/airflow/dags
[2026-08-26T07:23:29.178+0000] {manager.py:824} INFO - There are 0 files in /opt/airflow/dags
[2026-08-26T08:05:19.461+0000] {manager.py:821} INFO - Searching for files in /opt/airflow/dags
[2026-08-26T08:05:19.464+0000] {manager.py:824} INFO - There are 0 files in /opt/airflow/dags
[2026-08-26T08:38:47.928+0000] {manager.py:821} INFO - Searching for files in /opt/airflow/dags
[2026-08-26T08:38:47.930+0000] {manager.py:824} INFO - There are 0 files in /opt/airflow/dags
[2026-08-26T09:48:26.820+0000] {manager.py:821} INFO - Searching for files in /opt/airflow/dags
[2026-08-26T09:48:26.821+0000] {manager.py:824} INFO - There are 0 files in /opt/airflow/dags
[2026-08-26T10:03:27.287+0000] {manager.py:821} INFO - Searching for files in /opt/airflow/dags
[2026-08-26T10:03:27.290+0000] {manager.py:824} INFO - There are 0 files in /opt/airflow/dags
[2026-08-26T10:54:34.354+0000] {manager.py:821} INFO - Searching for files in /opt/airflow/dags
[2026-08-26T10:54:34.356+0000] {manager.py:824} INFO - There are 0 files in /opt/airflow/dags
[2026-08-26T11:48:56.062+0000] {manager.py:821} INFO - Searching for files in /opt/airflow/dags
[2026-08-26T11:48:56.064+0000] {manager.py:824} INFO - There are 0 files in /opt/airflow/dags
[2026-08-26T12:58:02.409+0000] {manager.py:821} INFO - Searching for files in /opt/airflow/dags
[2026-08-26T12:58:02.411+0000] {manager.py:824} INFO - There are 0 files in /opt/airflow/dags
[2026-08-26T13:39:56.995+0000] {manager.py:821} INFO - Searching for files in /opt/airflow/dags
[2026-08-26T13:39:56.998+0000] {manager.py:824} INFO - There are 0 files in /opt/airflow/dags
[2026-08-26T14:13:40.443+0000] {manager.py:821} INFO - Searching for files in /opt/airflow/dags
[2026-08-26T14:13:40.445+0000] {manager.py:824} INFO - There are 0 files in /opt/airflow/dags
[2026-08-26T15:11:16.031+0000] {manager.py:821} INFO - Searching for files in /opt/airflow/dags
[2026-08-26T15:11:16.033+0000] {manager.py:824} INFO - There are 0 files in /opt/airflow/dags
[2026-08-26T15:51:23.433+0000] {manager.py:821} INFO - Searching for files in /opt/airflow/dags
[2026-08-26T15:51:23.434+0000] {manager.py:824} INFO - There are 0 files in /opt/airflow/dags
[2026-08-26T16:04:30.828+0000] {manager.py:821} INFO - Searching for files in /opt/airflow/dags
[2026-08-26T16:04:30.830+0000] {manager.py:824} INFO - There are 0 files in /opt/airflow/dags
[2026-08-26T16:44:37.226+0000] {manager.py:821} INFO - Searching for files in /opt/airflow/dags
[2026-08-26T16:44:37.229+0000] {manager.py:824} INFO - There are 0 files in /opt/airflow/dags
[2026-08-26T17:12:32.041+0000] {manager.py:821} INFO - Searching for files in /opt/airflow/dags
[2026-08-26T17:12:32.042+0000] {manager.py:824} INFO - There are 0 files in /opt/airflow/dags
[2026-08-26T17:27:12.343+0000] {manager.py:821} INFO - Searching for files in /opt/airflow/dags
[2026-08-26T17:27:12.345+0000] {manager.py:824} INFO - There are 0 files in /opt/airflow/dags
[2026-08-26T17:44:38.843+0000] {manager.py:821} INFO - Searching for files in /opt/airflow/dags
[2026-08-26T17:44:38.845+0000] {manager.py:824} INFO - There are 0 files in /opt/airflow/dags
[2026-08-26T18:12:12.045+0000] {manager.py:821} INFO - Searching for files in /opt/airflow/dags
[2026-08-26T18:12:12.048+0000] {manager.py:824} INFO - There are 0 files in /opt/airflow/dags
[2026-08-26T18:37:39.360+0000] {manager.py:821} INFO - Searching for files in /opt/airflow/dags
[2026-08-26T18:37:39.361+0000] {manager.py:824} INFO - There are 0 files in /opt/airflow/dags
[2026-08-26T18:53:25.816+0000] {manager.py:821} INFO - Searching for files in /opt/airflow/dags
[2026-08-26T18:53:25.819+0000] {manager.py:824} INFO - There are 0 files in /opt/airflow/dags
[2026-08-26T19:14:04.327+0000] {manager.py:821} INFO - Searching for files in /opt/airflow/dags
[2026-08-26T19:14:04.329+0000] {manager.py:824} INFO - There are 0 files in /opt/airflow/dags
[2026-08-26T19:40:04.034+0000] {manager.py:821} INFO - Searching for files in /opt/airflow/dags
[2026-08-26T19:40:04.036+0000] {manager.py:824} INFO - There are 0 files in /opt/airflow/dags
[2026-08-26T20:11:14.021+0000] {manager.py:821} INFO - Searching for files in /opt/airflow/dags
[2026-08-26T20:11:14.022+0000] {manager.py:824} INFO - There are 0 files in /opt/airflow/dags
[2026-08-26T20:51:52.967+0000] {manager.py:821} INFO - Searching for files in /opt/airflow/dags
[2026-08-26T20:51:52.969+0000] {manager.py:824} INFO - There are 0 files in /opt/airflow/dags
[2026-08-26T21:06:59.065+0000] {manager.py:821} INFO - Searching for files in /opt/airflow/dags
[2026-08-26T21:06:59.067+0000] {manager.py:824} INFO - There are 0 files in /opt/airflow/dags
[2026-08-26T21:11:59.916+0000] {manager.py:821} INFO - Searching for files in /opt/airflow/dags
[2026-08-26T21:11:59.918+0000] {manager.py:824} INFO - There are 0 files in /opt/airflow/dags
[2026-08-26T21:17:00.791+0000] {manager.py:821} INFO - Searching for files in /opt/airflow/dags
[2026-08-26T21:17:00.795+0000] {manager.py:824} INFO - There are 0 files in /opt/airflow/dags
[2026-08-26T21:22:01.746+0000] {manager.py:821} INFO - Searching for files in /opt/airflow/dags
[2026-08-26T21:22:01.751+0000] {manager.py:824} INFO - There are 0 files in /opt/airflow/dags
[2026-08-26T21:27:02.590+0000] {manager.py:821} INFO - Searching for files in /opt/airflow/dags
[2026-08-26T21:27:02.594+0000] {manager.py:824} INFO - There are 0 files in /opt/airflow/dags
[2026-08-26T21:32:03.523+0000] {manager.py:821} INFO - Searching for files in /opt/airflow/dags
[2026-08-26T21:32:03.526+0000] {manager.py:824} INFO - There are 0 files in /opt/airflow/dags
[2026-08-26T21:37:04.426+0000] {manager.py:821} INFO - Searching for files in /opt/airflow/dags
[2026-08-26T21:37:04.430+0000] {manager.py:824} INFO - There are 0 files in /opt/airflow/dags
[2026-08-26T21:42:05.370+0000] {manager.py:821} INFO - Searching for files in /opt/airflow/dags
[2026-08-26T21:42:05.372+0000] {manager.py:824} INFO - There are 0 files in /opt/airflow/dags
[2026-08-26T21:47:06.238+0000] {manager.py:821} INFO - Searching for files in /opt/airflow/dags
[2026-08-26T21:47:06.242+0000] {manager.py:824} INFO - There are 0 files in /opt/airflow/dags
[2026-08-26T21:52:06.275+0000] {manager.py:821} INFO - Searching for files in /opt/airflow/dags
[2026-08-26T21:52:06.280+0000] {manager.py:824} INFO - There are 0 files in /opt/airflow/dags
[2026-08-26T21:57:07.053+0000] {manager.py:821} INFO - Searching for files in /opt/airflow/dags
[2026-08-26T21:57:07.057+0000] {manager.py:824} INFO - There are 0 files in /opt/airflow/dags
[2026-08-26T21:57:41.314+0000] {manager.py:465} INFO - Exiting gracefully upon receiving signal 15
[2026-08-26T21:57:50.529+0000] {manager.py:483} INFO - Processing files using up to 2 processes at a time 
[2026-08-26T21:57:50.529+0000] {manager.py:484} INFO - Process each file at most once every 30 seconds
[2026-08-26T21:57:50.529+0000] {manager.py:485} INFO - Checking for new files in /opt/airflow/dags every 300 seconds
[2026-08-26T21:57:50.530+0000] {manager.py:821} INFO - Searching for files in /opt/airflow/dags
[2026-08-26T21:57:50.530+0000] {manager.py:824} INFO - There are 0 files in /opt/airflow/dags
[2026-08-26T22:01:08.891+0000] {manager.py:465} INFO - Exiting gracefully upon receiving signal 15
[2026-08-26T22:01:16.655+0000] {manager.py:483} INFO - Processing files using up to 2 processes at a time 
[2026-08-26T22:01:16.656+0000] {manager.py:484} INFO - Process each file at most once every 30 seconds
[2026-08-26T22:01:16.656+0000] {manager.py:485} INFO - Checking for new files in /opt/airflow/dags every 300 seconds
[2026-08-26T22:01:16.659+0000] {manager.py:821} INFO - Searching for files in /opt/airflow/dags
[2026-08-26T22:01:16.665+0000] {manager.py:824} INFO - There are 0 files in /opt/airflow/dags
[2026-08-26T22:01:36.763+0000] {manager.py:465} INFO - Exiting gracefully upon receiving signal 15
